
MYPC@DESKTOP-32K9MBF MINGW64 ~/Desktop
$ git clone https://github.com/kanumanarmada/kanumanarmada.github.io.git
Cloning into 'kanumanarmada.github.io'...
remote: Enumerating objects: 3, done.
remote: Counting objects: 100% (3/3), done.
remote: Total 3 (delta 0), reused 0 (delta 0), pack-reused 0
Receiving objects: 100% (3/3), done.

MYPC@DESKTOP-32K9MBF MINGW64 ~/Desktop
$ cd kanumanarmada.github.io/

MYPC@DESKTOP-32K9MBF MINGW64 ~/Desktop/kanumanarmada.github.io (master)
$ git remote
origin

MYPC@DESKTOP-32K9MBF MINGW64 ~/Desktop/kanumanarmada.github.io (master)
$ git add .
warning: LF will be replaced by CRLF in .gitattributes.
The file will have its original line endings in your working directory
warning: LF will be replaced by CRLF in css/animate.css.
The file will have its original line endings in your working directory
warning: LF will be replaced by CRLF in css/bootstrap.css.
The file will have its original line endings in your working directory
warning: LF will be replaced by CRLF in css/bootstrap.css.map.
The file will have its original line endings in your working directory
warning: LF will be replaced by CRLF in css/flexslider.css.
The file will have its original line endings in your working directory
warning: LF will be replaced by CRLF in css/icomoon.css.
The file will have its original line endings in your working directory
warning: LF will be replaced by CRLF in css/style.css.
The file will have its original line endings in your working directory
warning: LF will be replaced by CRLF in css/style.css.map.
The file will have its original line endings in your working directory
warning: LF will be replaced by CRLF in fonts/bootstrap/glyphicons-halflins-regular.svg.
The file will have its original line endings in your working directory
warning: LF will be replaced by CRLF in fonts/icomoon/icomoon.svg.
The file will have its original line endings in your working directory
warning: LF will be replaced by CRLF in fonts/icomoon/icomoon/Read Me.txt.
The file will have its original line endings in your working directory
warning: LF will be replaced by CRLF in fonts/icomoon/icomoon/demo-files/dmo.css.
The file will have its original line endings in your working directory
warning: LF will be replaced by CRLF in fonts/icomoon/icomoon/demo-files/dmo.js.
The file will have its original line endings in your working directory
warning: LF will be replaced by CRLF in fonts/icomoon/icomoon/demo.html.
The file will have its original line endings in your working directory
warning: LF will be replaced by CRLF in fonts/icomoon/icomoon/fonts/icomoo.svg.
The file will have its original line endings in your working directory
warning: LF will be replaced by CRLF in fonts/icomoon/icomoon/selection.jsn.
The file will have its original line endings in your working directory
warning: LF will be replaced by CRLF in fonts/icomoon/icomoon/style.css.
The file will have its original line endings in your working directory
warning: LF will be replaced by CRLF in index.html.
The file will have its original line endings in your working directory
warning: LF will be replaced by CRLF in js/bootstrap.min.js.
The file will have its original line endings in your working directory
warning: LF will be replaced by CRLF in js/google_map.js.
The file will have its original line endings in your working directory
warning: LF will be replaced by CRLF in js/jquery.easing.1.3.js.
The file will have its original line endings in your working directory
warning: LF will be replaced by CRLF in js/jquery.easypiechart.min.js.
The file will have its original line endings in your working directory
warning: LF will be replaced by CRLF in js/jquery.min.js.
The file will have its original line endings in your working directory
warning: LF will be replaced by CRLF in js/jquery.stellar.min.js.
The file will have its original line endings in your working directory
warning: LF will be replaced by CRLF in js/jquery.waypoints.min.js.
The file will have its original line endings in your working directory
warning: LF will be replaced by CRLF in js/main.js.
The file will have its original line endings in your working directory
warning: LF will be replaced by CRLF in js/modernizr-2.6.2.min.js.
The file will have its original line endings in your working directory
warning: LF will be replaced by CRLF in js/respond.min.js.
The file will have its original line endings in your working directory
warning: LF will be replaced by CRLF in sass/_bootstrap-compass.scss.
The file will have its original line endings in your working directory
warning: LF will be replaced by CRLF in sass/_bootstrap-mincer.scss.
The file will have its original line endings in your working directory
warning: LF will be replaced by CRLF in sass/_bootstrap-sprockets.scss.
The file will have its original line endings in your working directory
warning: LF will be replaced by CRLF in sass/bootstrap.scss.
The file will have its original line endings in your working directory
warning: LF will be replaced by CRLF in sass/bootstrap/_alerts.scss.
The file will have its original line endings in your working directory
warning: LF will be replaced by CRLF in sass/bootstrap/_badges.scss.
The file will have its original line endings in your working directory
warning: LF will be replaced by CRLF in sass/bootstrap/_breadcrumbs.scss.
The file will have its original line endings in your working directory
warning: LF will be replaced by CRLF in sass/bootstrap/_button-groups.scss
The file will have its original line endings in your working directory
warning: LF will be replaced by CRLF in sass/bootstrap/_buttons.scss.
The file will have its original line endings in your working directory
warning: LF will be replaced by CRLF in sass/bootstrap/_carousel.scss.
The file will have its original line endings in your working directory
warning: LF will be replaced by CRLF in sass/bootstrap/_close.scss.
The file will have its original line endings in your working directory
warning: LF will be replaced by CRLF in sass/bootstrap/_code.scss.
The file will have its original line endings in your working directory
warning: LF will be replaced by CRLF in sass/bootstrap/_component-animatios.scss.
The file will have its original line endings in your working directory
warning: LF will be replaced by CRLF in sass/bootstrap/_dropdowns.scss.
The file will have its original line endings in your working directory
warning: LF will be replaced by CRLF in sass/bootstrap/_forms.scss.
The file will have its original line endings in your working directory
warning: LF will be replaced by CRLF in sass/bootstrap/_glyphicons.scss.
The file will have its original line endings in your working directory
warning: LF will be replaced by CRLF in sass/bootstrap/_grid.scss.
The file will have its original line endings in your working directory
warning: LF will be replaced by CRLF in sass/bootstrap/_input-groups.scss.
The file will have its original line endings in your working directory
warning: LF will be replaced by CRLF in sass/bootstrap/_jumbotron.scss.
The file will have its original line endings in your working directory
warning: LF will be replaced by CRLF in sass/bootstrap/_labels.scss.
The file will have its original line endings in your working directory
warning: LF will be replaced by CRLF in sass/bootstrap/_list-group.scss.
The file will have its original line endings in your working directory
warning: LF will be replaced by CRLF in sass/bootstrap/_media.scss.
The file will have its original line endings in your working directory
warning: LF will be replaced by CRLF in sass/bootstrap/_mixins.scss.
The file will have its original line endings in your working directory
warning: LF will be replaced by CRLF in sass/bootstrap/_modals.scss.
The file will have its original line endings in your working directory
warning: LF will be replaced by CRLF in sass/bootstrap/_navbar.scss.
The file will have its original line endings in your working directory
warning: LF will be replaced by CRLF in sass/bootstrap/_navs.scss.
The file will have its original line endings in your working directory
warning: LF will be replaced by CRLF in sass/bootstrap/_normalize.scss.
The file will have its original line endings in your working directory
warning: LF will be replaced by CRLF in sass/bootstrap/_pager.scss.
The file will have its original line endings in your working directory
warning: LF will be replaced by CRLF in sass/bootstrap/_pagination.scss.
The file will have its original line endings in your working directory
warning: LF will be replaced by CRLF in sass/bootstrap/_panels.scss.
The file will have its original line endings in your working directory
warning: LF will be replaced by CRLF in sass/bootstrap/_popovers.scss.
The file will have its original line endings in your working directory
warning: LF will be replaced by CRLF in sass/bootstrap/_print.scss.
The file will have its original line endings in your working directory
warning: LF will be replaced by CRLF in sass/bootstrap/_progress-bars.scss
The file will have its original line endings in your working directory
warning: LF will be replaced by CRLF in sass/bootstrap/_responsive-embed.sss.
The file will have its original line endings in your working directory
warning: LF will be replaced by CRLF in sass/bootstrap/_responsive-utilitis.scss.
The file will have its original line endings in your working directory
warning: LF will be replaced by CRLF in sass/bootstrap/_scaffolding.scss.
The file will have its original line endings in your working directory
warning: LF will be replaced by CRLF in sass/bootstrap/_tables.scss.
The file will have its original line endings in your working directory
warning: LF will be replaced by CRLF in sass/bootstrap/_theme.scss.
The file will have its original line endings in your working directory
warning: LF will be replaced by CRLF in sass/bootstrap/_thumbnails.scss.
The file will have its original line endings in your working directory
warning: LF will be replaced by CRLF in sass/bootstrap/_tooltip.scss.
The file will have its original line endings in your working directory
warning: LF will be replaced by CRLF in sass/bootstrap/_type.scss.
The file will have its original line endings in your working directory
warning: LF will be replaced by CRLF in sass/bootstrap/_utilities.scss.
The file will have its original line endings in your working directory
warning: LF will be replaced by CRLF in sass/bootstrap/_variables.scss.
The file will have its original line endings in your working directory
warning: LF will be replaced by CRLF in sass/bootstrap/_wells.scss.
The file will have its original line endings in your working directory
warning: LF will be replaced by CRLF in sass/bootstrap/mixins/_alerts.scss
The file will have its original line endings in your working directory
warning: LF will be replaced by CRLF in sass/bootstrap/mixins/_background-ariant.scss.
The file will have its original line endings in your working directory
warning: LF will be replaced by CRLF in sass/bootstrap/mixins/_border-radis.scss.
The file will have its original line endings in your working directory
warning: LF will be replaced by CRLF in sass/bootstrap/mixins/_buttons.scs.
The file will have its original line endings in your working directory
warning: LF will be replaced by CRLF in sass/bootstrap/mixins/_center-bloc.scss.
The file will have its original line endings in your working directory
warning: LF will be replaced by CRLF in sass/bootstrap/mixins/_clearfix.scs.
The file will have its original line endings in your working directory
warning: LF will be replaced by CRLF in sass/bootstrap/mixins/_forms.scss.
The file will have its original line endings in your working directory
warning: LF will be replaced by CRLF in sass/bootstrap/mixins/_gradients.sss.
The file will have its original line endings in your working directory
warning: LF will be replaced by CRLF in sass/bootstrap/mixins/_grid-framewrk.scss.
The file will have its original line endings in your working directory
warning: LF will be replaced by CRLF in sass/bootstrap/mixins/_grid.scss.
The file will have its original line endings in your working directory
warning: LF will be replaced by CRLF in sass/bootstrap/mixins/_hide-text.sss.
The file will have its original line endings in your working directory
warning: LF will be replaced by CRLF in sass/bootstrap/mixins/_image.scss.
The file will have its original line endings in your working directory
warning: LF will be replaced by CRLF in sass/bootstrap/mixins/_labels.scss
The file will have its original line endings in your working directory
warning: LF will be replaced by CRLF in sass/bootstrap/mixins/_list-group.css.
The file will have its original line endings in your working directory
warning: LF will be replaced by CRLF in sass/bootstrap/mixins/_nav-dividerscss.
The file will have its original line endings in your working directory
warning: LF will be replaced by CRLF in sass/bootstrap/mixins/_nav-vertica-align.scss.
The file will have its original line endings in your working directory
warning: LF will be replaced by CRLF in sass/bootstrap/mixins/_opacity.scs.
The file will have its original line endings in your working directory
warning: LF will be replaced by CRLF in sass/bootstrap/mixins/_pagination.css.
The file will have its original line endings in your working directory
warning: LF will be replaced by CRLF in sass/bootstrap/mixins/_panels.scss
The file will have its original line endings in your working directory
warning: LF will be replaced by CRLF in sass/bootstrap/mixins/_progress-ba.scss.
The file will have its original line endings in your working directory
warning: LF will be replaced by CRLF in sass/bootstrap/mixins/_reset-filte.scss.
The file will have its original line endings in your working directory
warning: LF will be replaced by CRLF in sass/bootstrap/mixins/_reset-text.css.
The file will have its original line endings in your working directory
warning: LF will be replaced by CRLF in sass/bootstrap/mixins/_resize.scss
The file will have its original line endings in your working directory
warning: LF will be replaced by CRLF in sass/bootstrap/mixins/_responsive-isibility.scss.
The file will have its original line endings in your working directory
warning: LF will be replaced by CRLF in sass/bootstrap/mixins/_size.scss.
The file will have its original line endings in your working directory
warning: LF will be replaced by CRLF in sass/bootstrap/mixins/_tab-focus.sss.
The file will have its original line endings in your working directory
warning: LF will be replaced by CRLF in sass/bootstrap/mixins/_table-row.sss.
The file will have its original line endings in your working directory
warning: LF will be replaced by CRLF in sass/bootstrap/mixins/_text-emphass.scss.
The file will have its original line endings in your working directory
warning: LF will be replaced by CRLF in sass/bootstrap/mixins/_text-overflw.scss.
The file will have its original line endings in your working directory
warning: LF will be replaced by CRLF in sass/bootstrap/mixins/_vendor-prefxes.scss.
The file will have its original line endings in your working directory
warning: LF will be replaced by CRLF in sass/style.scss.
The file will have its original line endings in your working directory

MYPC@DESKTOP-32K9MBF MINGW64 ~/Desktop/kanumanarmada.github.io (master)
$ git commit -m "First Commit"
[master 0ec0821] First Commit
 135 files changed, 74806 insertions(+)
 create mode 100644 .gitattributes
 create mode 100644 css/.DS_Store
 create mode 100644 css/animate.css
 create mode 100644 css/bootstrap.css
 create mode 100644 css/bootstrap.css.map
 create mode 100644 css/flexslider.css
 create mode 100644 css/icomoon.css
 create mode 100644 css/style.css
 create mode 100644 css/style.css.map
 create mode 100644 fonts/.DS_Store
 create mode 100644 fonts/bootstrap/glyphicons-halflings-regular.eot
 create mode 100644 fonts/bootstrap/glyphicons-halflings-regular.svg
 create mode 100644 fonts/bootstrap/glyphicons-halflings-regular.ttf
 create mode 100644 fonts/bootstrap/glyphicons-halflings-regular.woff
 create mode 100644 fonts/bootstrap/glyphicons-halflings-regular.woff2
 create mode 100644 fonts/icomoon/.DS_Store
 create mode 100644 fonts/icomoon/icomoon.eot
 create mode 100644 fonts/icomoon/icomoon.svg
 create mode 100644 fonts/icomoon/icomoon.ttf
 create mode 100644 fonts/icomoon/icomoon.woff
 create mode 100644 fonts/icomoon/icomoon/.DS_Store
 create mode 100644 fonts/icomoon/icomoon/Read Me.txt
 create mode 100644 fonts/icomoon/icomoon/demo-files/demo.css
 create mode 100644 fonts/icomoon/icomoon/demo-files/demo.js
 create mode 100644 fonts/icomoon/icomoon/demo.html
 create mode 100644 fonts/icomoon/icomoon/fonts/icomoon.eot
 create mode 100644 fonts/icomoon/icomoon/fonts/icomoon.svg
 create mode 100644 fonts/icomoon/icomoon/fonts/icomoon.ttf
 create mode 100644 fonts/icomoon/icomoon/fonts/icomoon.woff
 create mode 100644 fonts/icomoon/icomoon/selection.json
 create mode 100644 fonts/icomoon/icomoon/style.css
 create mode 100644 images/.DS_Store
 create mode 100644 images/blog-1.jpg
 create mode 100644 images/blog-2.jpg
 create mode 100644 images/cover_bg_1.jpg
 create mode 100644 images/cover_bg_3.jpg
 create mode 100644 images/loader.gif
 create mode 100644 images/loc.png
 create mode 100644 images/portfolio-1.jpg
 create mode 100644 images/portfolio-2.jpg
 create mode 100644 images/portfolio-3.jpg
 create mode 100644 images/portfolio-4.jpg
 create mode 100644 images/portfolio-5.jpg
 create mode 100644 images/portfolio-6.jpg
 create mode 100644 images/portfolio-7.jpg
 create mode 100644 images/portfolio-8.jpg
 create mode 100644 images/user-3.jpg
 create mode 100644 index.html
 create mode 100644 js/.DS_Store
 create mode 100644 js/bootstrap.min.js
 create mode 100644 js/google_map.js
 create mode 100644 js/jquery.easing.1.3.js
 create mode 100644 js/jquery.easypiechart.min.js
 create mode 100644 js/jquery.min.js
 create mode 100644 js/jquery.stellar.min.js
 create mode 100644 js/jquery.waypoints.min.js
 create mode 100644 js/main.js
 create mode 100644 js/modernizr-2.6.2.min.js
 create mode 100644 js/respond.min.js
 create mode 100644 sass/.DS_Store
 create mode 100644 sass/_bootstrap-compass.scss
 create mode 100644 sass/_bootstrap-mincer.scss
 create mode 100644 sass/_bootstrap-sprockets.scss
 create mode 100644 sass/bootstrap.scss
 create mode 100644 sass/bootstrap/_alerts.scss
 create mode 100644 sass/bootstrap/_badges.scss
 create mode 100644 sass/bootstrap/_breadcrumbs.scss
 create mode 100644 sass/bootstrap/_button-groups.scss
 create mode 100644 sass/bootstrap/_buttons.scss
 create mode 100644 sass/bootstrap/_carousel.scss
 create mode 100644 sass/bootstrap/_close.scss
 create mode 100644 sass/bootstrap/_code.scss
 create mode 100644 sass/bootstrap/_component-animations.scss
 create mode 100644 sass/bootstrap/_dropdowns.scss
 create mode 100644 sass/bootstrap/_forms.scss
 create mode 100644 sass/bootstrap/_glyphicons.scss
 create mode 100644 sass/bootstrap/_grid.scss
 create mode 100644 sass/bootstrap/_input-groups.scss
 create mode 100644 sass/bootstrap/_jumbotron.scss
 create mode 100644 sass/bootstrap/_labels.scss
 create mode 100644 sass/bootstrap/_list-group.scss
 create mode 100644 sass/bootstrap/_media.scss
 create mode 100644 sass/bootstrap/_mixins.scss
 create mode 100644 sass/bootstrap/_modals.scss
 create mode 100644 sass/bootstrap/_navbar.scss
 create mode 100644 sass/bootstrap/_navs.scss
 create mode 100644 sass/bootstrap/_normalize.scss
 create mode 100644 sass/bootstrap/_pager.scss
 create mode 100644 sass/bootstrap/_pagination.scss
 create mode 100644 sass/bootstrap/_panels.scss
 create mode 100644 sass/bootstrap/_popovers.scss
 create mode 100644 sass/bootstrap/_print.scss
 create mode 100644 sass/bootstrap/_progress-bars.scss
 create mode 100644 sass/bootstrap/_responsive-embed.scss
 create mode 100644 sass/bootstrap/_responsive-utilities.scss
 create mode 100644 sass/bootstrap/_scaffolding.scss
 create mode 100644 sass/bootstrap/_tables.scss
 create mode 100644 sass/bootstrap/_theme.scss
 create mode 100644 sass/bootstrap/_thumbnails.scss
 create mode 100644 sass/bootstrap/_tooltip.scss
 create mode 100644 sass/bootstrap/_type.scss
 create mode 100644 sass/bootstrap/_utilities.scss
 create mode 100644 sass/bootstrap/_variables.scss
 create mode 100644 sass/bootstrap/_wells.scss
 create mode 100644 sass/bootstrap/mixins/_alerts.scss
 create mode 100644 sass/bootstrap/mixins/_background-variant.scss
 create mode 100644 sass/bootstrap/mixins/_border-radius.scss
 create mode 100644 sass/bootstrap/mixins/_buttons.scss
 create mode 100644 sass/bootstrap/mixins/_center-block.scss
 create mode 100644 sass/bootstrap/mixins/_clearfix.scss
 create mode 100644 sass/bootstrap/mixins/_forms.scss
 create mode 100644 sass/bootstrap/mixins/_gradients.scss
 create mode 100644 sass/bootstrap/mixins/_grid-framework.scss
 create mode 100644 sass/bootstrap/mixins/_grid.scss
 create mode 100644 sass/bootstrap/mixins/_hide-text.scss
 create mode 100644 sass/bootstrap/mixins/_image.scss
 create mode 100644 sass/bootstrap/mixins/_labels.scss
 create mode 100644 sass/bootstrap/mixins/_list-group.scss
 create mode 100644 sass/bootstrap/mixins/_nav-divider.scss
 create mode 100644 sass/bootstrap/mixins/_nav-vertical-align.scss
 create mode 100644 sass/bootstrap/mixins/_opacity.scss
 create mode 100644 sass/bootstrap/mixins/_pagination.scss
 create mode 100644 sass/bootstrap/mixins/_panels.scss
 create mode 100644 sass/bootstrap/mixins/_progress-bar.scss
 create mode 100644 sass/bootstrap/mixins/_reset-filter.scss
 create mode 100644 sass/bootstrap/mixins/_reset-text.scss
 create mode 100644 sass/bootstrap/mixins/_resize.scss
 create mode 100644 sass/bootstrap/mixins/_responsive-visibility.scss
 create mode 100644 sass/bootstrap/mixins/_size.scss
 create mode 100644 sass/bootstrap/mixins/_tab-focus.scss
 create mode 100644 sass/bootstrap/mixins/_table-row.scss
 create mode 100644 sass/bootstrap/mixins/_text-emphasis.scss
 create mode 100644 sass/bootstrap/mixins/_text-overflow.scss
 create mode 100644 sass/bootstrap/mixins/_vendor-prefixes.scss
 create mode 100644 sass/style.scss

MYPC@DESKTOP-32K9MBF MINGW64 ~/Desktop/kanumanarmada.github.io (master)
$ git status
On branch master
Your branch is ahead of 'origin/master' by 1 commit.
  (use "git push" to publish your local commits)

nothing to commit, working tree clean

MYPC@DESKTOP-32K9MBF MINGW64 ~/Desktop/kanumanarmada.github.io (master)
$ git push origin master
remote: Permission to kanumanarmada/kanumanarmada.github.io.git denied to srit123.
fatal: unable to access 'https://github.com/kanumanarmada/kanumanarmada.github.io.git/': The requested URL returned error: 403

MYPC@DESKTOP-32K9MBF MINGW64 ~/Desktop/kanumanarmada.github.io (master)
$ git push origin master
Enumerating objects: 144, done.
Counting objects: 100% (144/144), done.
Delta compression using up to 4 threads
Compressing objects: 100% (143/143), done.
Writing objects: 100% (143/143), 1.83 MiB | 478.00 KiB/s, done.
Total 143 (delta 8), reused 0 (delta 0), pack-reused 0
remote: Resolving deltas: 100% (8/8), done.
To https://github.com/kanumanarmada/kanumanarmada.github.io.git
   640a810..0ec0821  master -> master

MYPC@DESKTOP-32K9MBF MINGW64 ~/Desktop/kanumanarmada.github.io (master)
$ git add .
warning: LF will be replaced by CRLF in index.html.
The file will have its original line endings in your working directory

MYPC@DESKTOP-32K9MBF MINGW64 ~/Desktop/kanumanarmada.github.io (master)
$ git commit -m "First Commit"
[master 6b4f8a4] First Commit
 1 file changed, 1 insertion(+), 1 deletion(-)

MYPC@DESKTOP-32K9MBF MINGW64 ~/Desktop/kanumanarmada.github.io (master)
$ git push origin master
Enumerating objects: 5, done.
Counting objects: 100% (5/5), done.
Delta compression using up to 4 threads
Compressing objects: 100% (3/3), done.
Writing objects: 100% (3/3), 302 bytes | 302.00 KiB/s, done.
Total 3 (delta 2), reused 0 (delta 0), pack-reused 0
remote: Resolving deltas: 100% (2/2), completed with 2 local objects.
To https://github.com/kanumanarmada/kanumanarmada.github.io.git
   0ec0821..6b4f8a4  master -> master

MYPC@DESKTOP-32K9MBF MINGW64 ~/Desktop/kanumanarmada.github.io (master)
$
